Archive member included to satisfy reference by file (symbol)

C:/ST/STM32CubeIDE_1.19.0/STM32CubeIDE/plugins/com.st.stm32cube.ide.mcu.externaltools.gnu-tools-for-stm32.13.3.rel1.win32_1.0.0.202411081344/tools/bin/../lib/gcc/arm-none-eabi/13.3.1/../../../../arm-none-eabi/lib/thumb/v7e-m+fp/hard\libc_nano.a(libc_a-exit.o)
                              C:/ST/STM32CubeIDE_1.19.0/STM32CubeIDE/plugins/com.st.stm32cube.ide.mcu.externaltools.gnu-tools-for-stm32.13.3.rel1.win32_1.0.0.202411081344/tools/bin/../lib/gcc/arm-none-eabi/13.3.1/../../../../arm-none-eabi/lib/thumb/v7e-m+fp/hard/crt0.o (exit)
C:/ST/STM32CubeIDE_1.19.0/STM32CubeIDE/plugins/com.st.stm32cube.ide.mcu.externaltools.gnu-tools-for-stm32.13.3.rel1.win32_1.0.0.202411081344/tools/bin/../lib/gcc/arm-none-eabi/13.3.1/../../../../arm-none-eabi/lib/thumb/v7e-m+fp/hard\libc_nano.a(libc_a-findfp.o)
                              C:/ST/STM32CubeIDE_1.19.0/STM32CubeIDE/plugins/com.st.stm32cube.ide.mcu.externaltools.gnu-tools-for-stm32.13.3.rel1.win32_1.0.0.202411081344/tools/bin/../lib/gcc/arm-none-eabi/13.3.1/../../../../arm-none-eabi/lib/thumb/v7e-m+fp/hard\libc_nano.a(libc_a-exit.o) (__stdio_exit_handler)
C:/ST/STM32CubeIDE_1.19.0/STM32CubeIDE/plugins/com.st.stm32cube.ide.mcu.externaltools.gnu-tools-for-stm32.13.3.rel1.win32_1.0.0.202411081344/tools/bin/../lib/gcc/arm-none-eabi/13.3.1/../../../../arm-none-eabi/lib/thumb/v7e-m+fp/hard\libc_nano.a(libc_a-fwalk.o)
                              C:/ST/STM32CubeIDE_1.19.0/STM32CubeIDE/plugins/com.st.stm32cube.ide.mcu.externaltools.gnu-tools-for-stm32.13.3.rel1.win32_1.0.0.202411081344/tools/bin/../lib/gcc/arm-none-eabi/13.3.1/../../../../arm-none-eabi/lib/thumb/v7e-m+fp/hard\libc_nano.a(libc_a-findfp.o) (_fwalk_sglue)
C:/ST/STM32CubeIDE_1.19.0/STM32CubeIDE/plugins/com.st.stm32cube.ide.mcu.externaltools.gnu-tools-for-stm32.13.3.rel1.win32_1.0.0.202411081344/tools/bin/../lib/gcc/arm-none-eabi/13.3.1/../../../../arm-none-eabi/lib/thumb/v7e-m+fp/hard\libc_nano.a(libc_a-stdio.o)
                              C:/ST/STM32CubeIDE_1.19.0/STM32CubeIDE/plugins/com.st.stm32cube.ide.mcu.externaltools.gnu-tools-for-stm32.13.3.rel1.win32_1.0.0.202411081344/tools/bin/../lib/gcc/arm-none-eabi/13.3.1/../../../../arm-none-eabi/lib/thumb/v7e-m+fp/hard\libc_nano.a(libc_a-findfp.o) (__sread)
C:/ST/STM32CubeIDE_1.19.0/STM32CubeIDE/plugins/com.st.stm32cube.ide.mcu.externaltools.gnu-tools-for-stm32.13.3.rel1.win32_1.0.0.202411081344/tools/bin/../lib/gcc/arm-none-eabi/13.3.1/../../../../arm-none-eabi/lib/thumb/v7e-m+fp/hard\libc_nano.a(libc_a-memset.o)
                              C:/ST/STM32CubeIDE_1.19.0/STM32CubeIDE/plugins/com.st.stm32cube.ide.mcu.externaltools.gnu-tools-for-stm32.13.3.rel1.win32_1.0.0.202411081344/tools/bin/../lib/gcc/arm-none-eabi/13.3.1/../../../../arm-none-eabi/lib/thumb/v7e-m+fp/hard/crt0.o (memset)
C:/ST/STM32CubeIDE_1.19.0/STM32CubeIDE/plugins/com.st.stm32cube.ide.mcu.externaltools.gnu-tools-for-stm32.13.3.rel1.win32_1.0.0.202411081344/tools/bin/../lib/gcc/arm-none-eabi/13.3.1/../../../../arm-none-eabi/lib/thumb/v7e-m+fp/hard\libc_nano.a(libc_a-closer.o)
                              C:/ST/STM32CubeIDE_1.19.0/STM32CubeIDE/plugins/com.st.stm32cube.ide.mcu.externaltools.gnu-tools-for-stm32.13.3.rel1.win32_1.0.0.202411081344/tools/bin/../lib/gcc/arm-none-eabi/13.3.1/../../../../arm-none-eabi/lib/thumb/v7e-m+fp/hard\libc_nano.a(libc_a-stdio.o) (_close_r)
C:/ST/STM32CubeIDE_1.19.0/STM32CubeIDE/plugins/com.st.stm32cube.ide.mcu.externaltools.gnu-tools-for-stm32.13.3.rel1.win32_1.0.0.202411081344/tools/bin/../lib/gcc/arm-none-eabi/13.3.1/../../../../arm-none-eabi/lib/thumb/v7e-m+fp/hard\libc_nano.a(libc_a-reent.o)
                              C:/ST/STM32CubeIDE_1.19.0/STM32CubeIDE/plugins/com.st.stm32cube.ide.mcu.externaltools.gnu-tools-for-stm32.13.3.rel1.win32_1.0.0.202411081344/tools/bin/../lib/gcc/arm-none-eabi/13.3.1/../../../../arm-none-eabi/lib/thumb/v7e-m+fp/hard\libc_nano.a(libc_a-closer.o) (errno)
C:/ST/STM32CubeIDE_1.19.0/STM32CubeIDE/plugins/com.st.stm32cube.ide.mcu.externaltools.gnu-tools-for-stm32.13.3.rel1.win32_1.0.0.202411081344/tools/bin/../lib/gcc/arm-none-eabi/13.3.1/../../../../arm-none-eabi/lib/thumb/v7e-m+fp/hard\libc_nano.a(libc_a-impure.o)
                              C:/ST/STM32CubeIDE_1.19.0/STM32CubeIDE/plugins/com.st.stm32cube.ide.mcu.externaltools.gnu-tools-for-stm32.13.3.rel1.win32_1.0.0.202411081344/tools/bin/../lib/gcc/arm-none-eabi/13.3.1/../../../../arm-none-eabi/lib/thumb/v7e-m+fp/hard\libc_nano.a(libc_a-reent.o) (_impure_ptr)
C:/ST/STM32CubeIDE_1.19.0/STM32CubeIDE/plugins/com.st.stm32cube.ide.mcu.externaltools.gnu-tools-for-stm32.13.3.rel1.win32_1.0.0.202411081344/tools/bin/../lib/gcc/arm-none-eabi/13.3.1/../../../../arm-none-eabi/lib/thumb/v7e-m+fp/hard\libc_nano.a(libc_a-lseekr.o)
[...]
Memory Configuration

Name             Origin             Length             Attributes
RAM              0x20000000         0x00010000         xrw
FLASH            0x08000000         0x00040000         xr
*default*        0x00000000         0xffffffff

Linker script and memory map

LOAD C:/ST/STM32CubeIDE_1.19.0/STM32CubeIDE/plugins/com.st.stm32cube.ide.mcu.externaltools.gnu-tools-for-stm32.13.3.rel1.win32_1.0.0.202411081344/tools/bin/../lib/gcc/arm-none-eabi/13.3.1/thumb/v7e-m+fp/hard/crti.o
LOAD C:/ST/STM32CubeIDE_1.19.0/STM32CubeIDE/plugins/com.st.stm32cube.ide.mcu.externaltools.gnu-tools-for-stm32.13.3.rel1.win32_1.0.0.202411081344/tools/bin/../lib/gcc/arm-none-eabi/13.3.1/thumb/v7e-m+fp/hard/crtbegin.o
LOAD C:/ST/STM32CubeIDE_1.19.0/STM32CubeIDE/plugins/com.st.stm32cube.ide.mcu.externaltools.gnu-tools-for-stm32.13.3.rel1.win32_1.0.0.202411081344/tools/bin/../lib/gcc/arm-none-eabi/13.3.1/../../../../arm-none-eabi/lib/thumb/v7e-m+fp/hard/crt0.o
LOAD ./Core/Src/main.o
LOAD ./Core/Src/stm32f4xx_hal_msp.o
LOAD ./Core/Src/stm32f4xx_hal_timebase_tim.o
LOAD ./Core/Src/stm32f4xx_it.o
LOAD ./Core/Src/syscalls.o
LOAD ./Core/Src/sysmem.o
LOAD ./Core/Src/system_stm32f4xx.o
LOAD ./Core/Startup/startup_stm32f401rctx.o
LOAD ./Drivers/STM32F4xx_HAL_Driver/Src/stm32f4xx_hal.o
LOAD ./Drivers/STM32F4xx_HAL_Driver/Src/stm32f4xx_hal_adc.o
LOAD ./Drivers/STM32F4xx_HAL_Driver/Src/stm32f4xx_hal_adc_ex.o
LOAD ./Drivers/STM32F4xx_HAL_Driver/Src/stm32f4xx_hal_cortex.o
LOAD ./Drivers/STM32F4xx_HAL_Driver/Src/stm32f4xx_hal_dma.o
LOAD ./Drivers/STM32F4xx_HAL_Driver/Src/stm32f4xx_hal_dma_ex.o
LOAD ./Drivers/STM32F4xx_HAL_Driver/Src/stm32f4xx_hal_exti.o
LOAD ./Drivers/STM32F4xx_HAL_Driver/Src/stm32f4xx_hal_flash.o
LOAD ./Drivers/STM32F4xx_HAL_Driver/Src/stm32f4xx_hal_flash_ex.o
LOAD ./Drivers/STM32F4xx_HAL_Driver/Src/stm32f4xx_hal_flash_ramfunc.o
LOAD ./Drivers/STM32F4xx_HAL_Driver/Src/stm32f4xx_hal_gpio.o
LOAD ./Drivers/STM32F4xx_HAL_Driver/Src/stm32f4xx_hal_i2c.o
LOAD ./Drivers/STM32F4xx_HAL_Driver/Src/stm32f4xx_hal_i2c_ex.o
LOAD ./Drivers/STM32F4xx_HAL_Driver/Src/stm32f4xx_hal_pwr.o
LOAD ./Drivers/STM32F4xx_HAL_Driver/Src/stm32f4xx_hal_pwr_ex.o
LOAD ./Drivers/STM32F4xx_HAL_Driver/Src/stm32f4xx_hal_rcc.o
LOAD ./Drivers/STM32F4xx_HAL_Driver/Src/stm32f4xx_hal_rcc_ex.o
LOAD ./Drivers/STM32F4xx_HAL_Driver/Src/stm32f4xx_hal_tim.o
LOAD ./Drivers/STM32F4xx_HAL_Driver/Src/stm32f4xx_hal_tim_ex.o
LOAD ./Drivers/STM32F4xx_HAL_Driver/Src/stm32f4xx_hal_uart.o
LOAD ./Drivers/STM32F4xx_HAL_Driver/Src/stm32f4xx_ll_adc.o
START GROUP
LOAD C:/ST/STM32CubeIDE_1.19.0/STM32CubeIDE/plugins/com.st.stm32cube.ide.mcu.externaltools.gnu-tools-for-stm32.13.3.rel1.win32_1.0.0.202411081344/tools/bin/../lib/gcc/arm-none-eabi/13.3.1/../../../../arm-none-eabi/lib/thumb/v7e-m+fp/hard\libc_nano.a
LOAD C:/ST/STM32CubeIDE_1.19.0/STM32CubeIDE/plugins/com.st.stm32cube.ide.mcu.externaltools.gnu-tools-for-stm32.13.3.rel1.win32_1.0.0.202411081344/tools/bin/../lib/gcc/arm-none-eabi/13.3.1/../../../../arm-none-eabi/lib/thumb/v7e-m+fp/hard\libm.a
END GROUP
START GROUP
LOAD C:/ST/STM32CubeIDE_1.19.0/STM32CubeIDE/plugins/com.st.stm32cube.ide.mcu.externaltools.gnu-tools-for-stm32.13.3.rel1.win32_1.0.0.202411081344/tools/bin/../lib/gcc/arm-none-eabi/13.3.1/thumb/v7e-m+fp/hard\libgcc.a
LOAD C:/ST/STM32CubeIDE_1.19.0/STM32CubeIDE/plugins/com.st.stm32cube.ide.mcu.externaltools.gnu-tools-for-stm32.13.3.rel1.win32_1.0.0.202411081344/tools/bin/../lib/gcc/arm-none-eabi/13.3.1/../../../../arm-none-eabi/lib/thumb/v7e-m+fp/hard\libc_nano.a
END GROUP
START GROUP
LOAD C:/ST/STM32CubeIDE_1.19.0/STM32CubeIDE/plugins/com.st.stm32cube.ide.mcu.externaltools.gnu-tools-for-stm32.13.3.rel1.win32_1.0.0.202411081344/tools/bin/../lib/gcc/arm-none-eabi/13.3.1/thumb/v7e-m+fp/hard\libgcc.a
LOAD C:/ST/STM32CubeIDE_1.19.0/STM32CubeIDE/plugins/com.st.stm32cube.ide.mcu.externaltools.gnu-tools-for-stm32.13.3.rel1.win32_1.0.0.202411081344/tools/bin/../lib/gcc/arm-none-eabi/13.3.1/../../../../arm-none-eabi/lib/thumb/v7e-m+fp/hard\libc_nano.a
LOAD C:/ST/STM32CubeIDE_1.19.0/STM32CubeIDE/plugins/com.st.stm32cube.ide.mcu.externaltools.gnu-tools-for-stm32.13.3.rel1.win32_1.0.0.202411081344/tools/bin/../lib/gcc/arm-none-eabi/13.3.1/../../../../arm-none-eabi/lib/thumb/v7e-m+fp/hard\libnosys.a
END GROUP
START GROUP
LOAD C:/ST/STM32CubeIDE_1.19.0/STM32CubeIDE/plugins/com.st.stm32cube.ide.mcu.externaltools.gnu-tools-for-stm32.13.3.rel1.win32_1.0.0.202411081344/tools/bin/../lib/gcc/arm-none-eabi/13.3.1/thumb/v7e-m+fp/hard\libgcc.a
LOAD C:/ST/STM32CubeIDE_1.19.0/STM32CubeIDE/plugins/com.st.stm32cube.ide.mcu.externaltools.gnu-tools-for-stm32.13.3.rel1.win32_1.0.0.202411081344/tools/bin/../lib/gcc/arm-none-eabi/13.3.1/../../../../arm-none-eabi/lib/thumb/v7e-m+fp/hard\libc_nano.a
LOAD C:/ST/STM32CubeIDE_1.19.0/STM32CubeIDE/plugins/com.st.stm32cube.ide.mcu.externaltools.gnu-tools-for-stm32.13.3.rel1.win32_1.0.0.202411081344/tools/bin/../lib/gcc/arm-none-eabi/13.3.1/../../../../arm-none-eabi/lib/thumb/v7e-m+fp/hard\libnosys.a
END GROUP
LOAD C:/ST/STM32CubeIDE_1.19.0/STM32CubeIDE/plugins/com.st.stm32cube.ide.mcu.externaltools.gnu-tools-for-stm32.13.3.rel1.win32_1.0.0.202411081344/tools/bin/../lib/gcc/arm-none-eabi/13.3.1/thumb/v7e-m+fp/hard/crtend.o
LOAD C:/ST/STM32CubeIDE_1.19.0/STM32CubeIDE/plugins/com.st.stm32cube.ide.mcu.externaltools.gnu-tools-for-stm32.13.3.rel1.win32_1.0.0.202411081344/tools/bin/../lib/gcc/arm-none-eabi/13.3.1/thumb/v7e-m+fp/hard/crtn.o
                0x20010000                        _estack = (ORIGIN (RAM) + LENGTH (RAM))
                0x00000200                        _Min_Heap_Size = 0x200
                0x00000400                        _Min_Stack_Size = 0x400

.isr_vector     0x08000000      0x194
                0x08000000                        . = ALIGN (0x4)
 *(.isr_vector)
 .isr_vector    0x08000000      0x194 ./Core/Startup/startup_stm32f401rctx.o
                0x08000000                g_pfnVectors
                0x08000194                        . = ALIGN (0x4)

.text           0x08000194     0x6e90
                0x08000194                        . = ALIGN (0x4)
 *(.text)
 .text          0x08000194       0x40 C:/ST/STM32CubeIDE_1.19.0/STM32CubeIDE/plugins/com.st.stm32cube.ide.mcu.externaltools.gnu-tools-for-stm32.13.3.rel1.win32_1.0.0.202411081344/tools/bin/../lib/gcc/arm-none-eabi/13.3.1/thumb/v7e-m+fp/hard/crtbegin.o
 .text          0x080001d4       0x30 C:/ST/STM32CubeIDE_1.19.0/STM32CubeIDE/plugins/com.st.stm32cube.ide.mcu.externaltools.gnu-tools-for-stm32.13.3.rel1.win32_1.0.0.202411081344/tools/bin/../lib/gcc/arm-none-eabi/13.3.1/thumb/v7e-m+fp/hard\libgcc.a(_aeabi_uldivmod.o)
                0x080001d4                __aeabi_uldivmod
 .text          0x08000204      0x2f8 C:/ST/STM32CubeIDE_1.19.0/STM32CubeIDE/plugins/com.st.stm32cube.ide.mcu.externaltools.gnu-tools-for-stm32.13.3.rel1.win32_1.0.0.202411081344/tools/bin/../lib/gcc/arm-none-eabi/13.3.1/thumb/v7e-m+fp/hard\libgcc.a(_udivmoddi4.o)
                0x08000204                __udivmoddi4
 .text          0x080004fc        0x4 C:/ST/STM32CubeIDE_1.19.0/STM32CubeIDE/plugins/com.st.stm32cube.ide.mcu.externaltools.gnu-tools-for-stm32.13.3.rel1.win32_1.0.0.202411081344/tools/bin/../lib/gcc/arm-none-eabi/13.3.1/thumb/v7e-m+fp/hard\libgcc.a(_dvmd_tls.o)
                0x080004fc                __aeabi_idiv0
                0x080004fc                __aeabi_ldiv0
 *(.text*)
 .text.ICM20948_Init
                0x08000500      0x100 ./Core/Src/main.o
                0x08000500                ICM20948_Init
 .text.IMU_Read_Fast
                0x08000600       0xe8 ./Core/Src/main.o
                0x08000600                IMU_Read_Fast
 .text.IMU_Read_Mag
                0x080006e8       0xbc ./Core/Src/main.o
                0x080006e8                IMU_Read_Mag
 .text.main     0x080007a4      0x124 ./Core/Src/main.o
                0x080007a4                main
 .text.SystemClock_Config
                0x080008c8       0xd4 ./Core/Src/main.o
                0x080008c8                SystemClock_Config
 .text.MX_ADC1_Init
                0x0800099c       0xc0 ./Core/Src/main.o
 .text.MX_I2C1_Init
                0x08000a5c       0x5c ./Core/Src/main.o
 .text.MX_TIM1_Init
                0x08000ab8      0x158 ./Core/Src/main.o
 .text.MX_TIM2_Init
                0x08000c10       0xa8 ./Core/Src/main.o
 .text.MX_TIM3_Init
                0x08000cb8       0x9c ./Core/Src/main.o
 .text.MX_TIM5_Init
                0x08000d54       0xa8 ./Core/Src/main.o
 .text.MX_USART2_UART_Init
                0x08000dfc       0x54 ./Core/Src/main.o
 .text.MX_USART6_UART_Init
                0x08000e50       0x54 ./Core/Src/main.o
 .text.MX_DMA_Init
                0x08000ea4       0x9c ./Core/Src/main.o
 .text.MX_GPIO_Init
                0x08000f40       0xc0 ./Core/Src/main.o
 .text.build_telemetry_packet
                0x08001000      0x10c ./Core/Src/main.o
                0x08001000                build_telemetry_packet
 .text.HAL_UART_TxCpltCallback
                0x0800110c       0x2c ./Core/Src/main.o
                0x0800110c                HAL_UART_TxCpltCallback
 .text.HAL_TIM_PeriodElapsedCallback
                0x08001138       0x24 ./Core/Src/main.o
                0x08001138                HAL_TIM_PeriodElapsedCallback
 .text.Error_Handler
                0x0800115c        0xc ./Core/Src/main.o
                0x0800115c                Error_Handler
 .text.HAL_MspInit
                0x08001168       0x50 ./Core/Src/stm32f4xx_hal_msp.o
                0x08001168                HAL_MspInit
 .text.HAL_ADC_MspInit
                0x080011b8       0xf0 ./Core/Src/stm32f4xx_hal_msp.o
                0x080011b8                HAL_ADC_MspInit
 .text.HAL_I2C_MspInit
                0x080012a8       0xf4 ./Core/Src/stm32f4xx_hal_msp.o
                0x080012a8                HAL_I2C_MspInit
 .text.HAL_TIM_Base_MspInit
                0x0800139c       0x8c ./Core/Src/stm32f4xx_hal_msp.o
                0x0800139c                HAL_TIM_Base_MspInit
 .text.HAL_TIM_Encoder_MspInit
                0x08001428      0x134 ./Core/Src/stm32f4xx_hal_msp.o
                0x08001428                HAL_TIM_Encoder_MspInit
 .text.HAL_TIM_MspPostInit
                0x0800155c       0x74 ./Core/Src/stm32f4xx_hal_msp.o
                0x0800155c                HAL_TIM_MspPostInit
 .text.HAL_UART_MspInit
                0x080015d0      0x250 ./Core/Src/stm32f4xx_hal_msp.o
                0x080015d0                HAL_UART_MspInit
 .text.HAL_InitTick
                0x08001820       0xe4 ./Core/Src/stm32f4xx_hal_timebase_tim.o
                0x08001820                HAL_InitTick
 .text.NMI_Handler
                0x08001904        0x8 ./Core/Src/stm32f4xx_it.o
                0x08001904                NMI_Handler
 .text.HardFault_Handler
                0x0800190c        0x8 ./Core/Src/stm32f4xx_it.o
                0x0800190c                HardFault_Handler
 .text.MemManage_Handler
                0x08001914        0x8 ./Core/Src/stm32f4xx_it.o
                0x08001914                MemManage_Handler
 .text.BusFault_Handler
                0x0800191c        0x8 ./Core/Src/stm32f4xx_it.o
                0x0800191c                BusFault_Handler
 .text.UsageFault_Handler
                0x08001924        0x8 ./Core/Src/stm32f4xx_it.o
                0x08001924                UsageFault_Handler
 .text.SVC_Handler
                0x0800192c        0xe ./Core/Src/stm32f4xx_it.o
                0x0800192c                SVC_Handler
 .text.DebugMon_Handler
                0x0800193a        0xe ./Core/Src/stm32f4xx_it.o
                0x0800193a                DebugMon_Handler
 .text.PendSV_Handler
                0x08001948        0xe ./Core/Src/stm32f4xx_it.o
                0x08001948                PendSV_Handler
 .text.SysTick_Handler
                0x08001956        0xe ./Core/Src/stm32f4xx_it.o
                0x08001956                SysTick_Handler
 .text.DMA1_Stream0_IRQHandler
                0x08001964       0x14 ./Core/Src/stm32f4xx_it.o
                0x08001964                DMA1_Stream0_IRQHandler
 .text.DMA1_Stream5_IRQHandler
                0x08001978       0x14 ./Core/Src/stm32f4xx_it.o
                0x08001978                DMA1_Stream5_IRQHandler
 .text.DMA1_Stream6_IRQHandler
                0x0800198c       0x14 ./Core/Src/stm32f4xx_it.o
                0x0800198c                DMA1_Stream6_IRQHandler
 .text.TIM1_UP_TIM10_IRQHandler
                0x080019a0       0x1c ./Core/Src/stm32f4xx_it.o
                0x080019a0                TIM1_UP_TIM10_IRQHandler
 .text.TIM3_IRQHandler
                0x080019bc       0x14 ./Core/Src/stm32f4xx_it.o
                0x080019bc                TIM3_IRQHandler
 .text.USART2_IRQHandler
                0x080019d0       0x14 ./Core/Src/stm32f4xx_it.o
                0x080019d0                USART2_IRQHandler
 .text.DMA2_Stream0_IRQHandler
                0x080019e4       0x14 ./Core/Src/stm32f4xx_it.o
                0x080019e4                DMA2_Stream0_IRQHandler
 .text.DMA2_Stream1_IRQHandler
                0x080019f8       0x14 ./Core/Src/stm32f4xx_it.o
                0x080019f8                DMA2_Stream1_IRQHandler
 .text.USART6_IRQHandler
                0x08001a0c       0x14 ./Core/Src/stm32f4xx_it.o
                0x08001a0c                USART6_IRQHandler
 .text.SystemInit
                0x08001a20       0x24 ./Core/Src/system_stm32f4xx.o
                0x08001a20                SystemInit
 .text.Reset_Handler
                0x08001a44       0x50 ./Core/Startup/startup_stm32f401rctx.o
                0x08001a44                Reset_Handler
 .text.Default_Handler
                0x08001a94        0x2 ./Core/Startup/startup_stm32f401rctx.o
                0x08001a94                RTC_Alarm_IRQHandler
                0x08001a94                EXTI2_IRQHandler
                0x08001a94                SPI4_IRQHandler
                0x08001a94                TIM1_CC_IRQHandler
                0x08001a94                DMA2_Stream5_IRQHandler
                0x08001a94                PVD_IRQHandler
                0x08001a94                SDIO_IRQHandler
                0x08001a94                TAMP_STAMP_IRQHandler
                0x08001a94                EXTI3_IRQHandler
                0x08001a94                I2C3_ER_IRQHandler
                0x08001a94                EXTI0_IRQHandler
                0x08001a94                I2C2_EV_IRQHandler
                0x08001a94                DMA1_Stream2_IRQHandler
                0x08001a94                FPU_IRQHandler
                0x08001a94                DMA2_Stream2_IRQHandler
                0x08001a94                SPI1_IRQHandler
                0x08001a94                TIM1_BRK_TIM9_IRQHandler
                0x08001a94                DMA2_Stream3_IRQHandler
                0x08001a94                TIM4_IRQHandler
                0x08001a94                I2C1_EV_IRQHandler
                0x08001a94                DMA1_Stream1_IRQHandler
                0x08001a94                RCC_IRQHandler
                0x08001a94                Default_Handler
                0x08001a94                EXTI15_10_IRQHandler
                0x08001a94                ADC_IRQHandler
                0x08001a94                DMA1_Stream7_IRQHandler
                0x08001a94                TIM5_IRQHandler
                0x08001a94                DMA2_Stream7_IRQHandler
                0x08001a94                I2C3_EV_IRQHandler
                0x08001a94                EXTI9_5_IRQHandler
                0x08001a94                RTC_WKUP_IRQHandler
                0x08001a94                SPI2_IRQHandler
                0x08001a94                EXTI4_IRQHandler
                0x08001a94                WWDG_IRQHandler
                0x08001a94                TIM2_IRQHandler
                0x08001a94                OTG_FS_WKUP_IRQHandler
                0x08001a94                TIM1_TRG_COM_TIM11_IRQHandler
                0x08001a94                EXTI1_IRQHandler
                0x08001a94                I2C2_ER_IRQHandler
                0x08001a94                FLASH_IRQHandler
                0x08001a94                DMA2_Stream4_IRQHandler
                0x08001a94                USART1_IRQHandler
                0x08001a94                OTG_FS_IRQHandler
                0x08001a94                SPI3_IRQHandler
                0x08001a94                DMA1_Stream4_IRQHandler
                0x08001a94                I2C1_ER_IRQHandler
                0x08001a94                DMA2_Stream6_IRQHandler
                0x08001a94                DMA1_Stream3_IRQHandler
 *fill*         0x08001a96        0x2 
 .text.HAL_Init
                0x08001a98       0x44 ./Drivers/STM32F4xx_HAL_Driver/Src/stm32f4xx_hal.o
                0x08001a98                HAL_Init
 .text.HAL_IncTick
                0x08001adc       0x28 ./Drivers/STM32F4xx_HAL_Driver/Src/stm32f4xx_hal.o
                0x08001adc                HAL_IncTick
 .text.HAL_GetTick
                0x08001b04       0x18 ./Drivers/STM32F4xx_HAL_Driver/Src/stm32f4xx_hal.o
                0x08001b04                HAL_GetTick
 .text.HAL_Delay
                0x08001b1c       0x48 ./Drivers/STM32F4xx_HAL_Driver/Src/stm32f4xx_hal.o
                0x08001b1c                HAL_Delay
 .text.HAL_ADC_Init
                0x08001b64       0x86 ./Drivers/STM32F4xx_HAL_Driver/Src/stm32f4xx_hal_adc.o
                0x08001b64                HAL_ADC_Init
 *fill*         0x08001bea        0x2 
 .text.HAL_ADC_Start_DMA
                0x08001bec      0x1e8 ./Drivers/STM32F4xx_HAL_Driver/Src/stm32f4xx_hal_adc.o
                0x08001bec                HAL_ADC_Start_DMA
 .text.HAL_ADC_ConvCpltCallback
                0x08001dd4       0x14 ./Drivers/STM32F4xx_HAL_Driver/Src/stm32f4xx_hal_adc.o
                0x08001dd4                HAL_ADC_ConvCpltCallback
 .text.HAL_ADC_ConvHalfCpltCallback
                0x08001de8       0x14 ./Drivers/STM32F4xx_HAL_Driver/Src/stm32f4xx_hal_adc.o
                0x08001de8                HAL_ADC_ConvHalfCpltCallback
 .text.HAL_ADC_ErrorCallback
                0x08001dfc       0x14 ./Drivers/STM32F4xx_HAL_Driver/Src/stm32f4xx_hal_adc.o
                0x08001dfc                HAL_ADC_ErrorCallback
 .text.HAL_ADC_ConfigChannel
                0x08001e10      0x244 ./Drivers/STM32F4xx_HAL_Driver/Src/stm32f4xx_hal_adc.o
                0x08001e10                HAL_ADC_ConfigChannel
 .text.ADC_Init
                0x08002054      0x1f8 ./Drivers/STM32F4xx_HAL_Driver/Src/stm32f4xx_hal_adc.o
 .text.ADC_DMAConvCplt
                0x0800224c       0xba ./Drivers/STM32F4xx_HAL_Driver/Src/stm32f4xx_hal_adc.o
 .text.ADC_DMAHalfConvCplt
                0x08002306       0x1c ./Drivers/STM32F4xx_HAL_Driver/Src/stm32f4xx_hal_adc.o
 .text.ADC_DMAError
                0x08002322       0x2e ./Drivers/STM32F4xx_HAL_Driver/Src/stm32f4xx_hal_adc.o
 .text.__NVIC_SetPriorityGrouping
                0x08002350       0x48 ./Drivers/STM32F4xx_HAL_Driver/Src/stm32f4xx_hal_cortex.o
 .text.__NVIC_GetPriorityGrouping
                0x08002398       0x1c ./Drivers/STM32F4xx_HAL_Driver/Src/stm32f4xx_hal_cortex.o
 .text.__NVIC_EnableIRQ
                0x080023b4       0x3c ./Drivers/STM32F4xx_HAL_Driver/Src/stm32f4xx_hal_cortex.o
 .text.__NVIC_SetPriority
                0x080023f0       0x54 ./Drivers/STM32F4xx_HAL_Driver/Src/stm32f4xx_hal_cortex.o
 .text.NVIC_EncodePriority
                0x08002444       0x66 ./Drivers/STM32F4xx_HAL_Driver/Src/stm32f4xx_hal_cortex.o
 .text.HAL_NVIC_SetPriorityGrouping
                0x080024aa       0x16 ./Drivers/STM32F4xx_HAL_Driver/Src/stm32f4xx_hal_cortex.o
                0x080024aa                HAL_NVIC_SetPriorityGrouping
 .text.HAL_NVIC_SetPriority
                0x080024c0       0x38 ./Drivers/STM32F4xx_HAL_Driver/Src/stm32f4xx_hal_cortex.o
                0x080024c0                HAL_NVIC_SetPriority
 .text.HAL_NVIC_EnableIRQ
                0x080024f8       0x1c ./Drivers/STM32F4xx_HAL_Driver/Src/stm32f4xx_hal_cortex.o
                0x080024f8                HAL_NVIC_EnableIRQ
 .text.HAL_DMA_Init
                0x08002514      0x15c ./Drivers/STM32F4xx_HAL_Driver/Src/stm32f4xx_hal_dma.o
                0x08002514                HAL_DMA_Init
 .text.HAL_DMA_Start_IT
                0x08002670       0xb0 ./Drivers/STM32F4xx_HAL_Driver/Src/stm32f4xx_hal_dma.o
                0x08002670                HAL_DMA_Start_IT
 .text.HAL_DMA_Abort
                0x08002720       0xe0 ./Drivers/STM32F4xx_HAL_Driver/Src/stm32f4xx_hal_dma.o
                0x08002720                HAL_DMA_Abort
 .text.HAL_DMA_Abort_IT
                0x08002800       0x44 ./Drivers/STM32F4xx_HAL_Driver/Src/stm32f4xx_hal_dma.o
                0x08002800                HAL_DMA_Abort_IT
 .text.HAL_DMA_IRQHandler
                0x08002844      0x314 ./Drivers/STM32F4xx_HAL_Driver/Src/stm32f4xx_hal_dma.o
                0x08002844                HAL_DMA_IRQHandler
 .text.DMA_SetConfig
                0x08002b58       0x5c ./Drivers/STM32F4xx_HAL_Driver/Src/stm32f4xx_hal_dma.o
 .text.DMA_CalcBaseAndBitshift
                0x08002bb4       0x6c ./Drivers/STM32F4xx_HAL_Driver/Src/stm32f4xx_hal_dma.o
 .text.DMA_CheckFifoParam
                0x08002c20       0xf8 ./Drivers/STM32F4xx_HAL_Driver/Src/stm32f4xx_hal_dma.o
 .text.HAL_GPIO_Init
                0x08002d18      0x308 ./Drivers/STM32F4xx_HAL_Driver/Src/stm32f4xx_hal_gpio.o
                0x08002d18                HAL_GPIO_Init
 .text.HAL_GPIO_WritePin
                0x08003020       0x32 ./Drivers/STM32F4xx_HAL_Driver/Src/stm32f4xx_hal_gpio.o
                0x08003020                HAL_GPIO_WritePin
 .text.HAL_GPIO_TogglePin
                0x08003052       0x34 ./Drivers/STM32F4xx_HAL_Driver/Src/stm32f4xx_hal_gpio.o
                0x08003052                HAL_GPIO_TogglePin
 *fill*         0x08003086        0x2 
 .text.HAL_I2C_Init
                0x08003088      0x288 ./Drivers/STM32F4xx_HAL_Driver/Src/stm32f4xx_hal_i2c.o
                0x08003088                HAL_I2C_Init
 .text.HAL_I2C_Mem_Write
                0x08003310      0x1f4 ./Drivers/STM32F4xx_HAL_Driver/Src/stm32f4xx_hal_i2c.o
                0x08003310                HAL_I2C_Mem_Write
 .text.HAL_I2C_Mem_Read
                0x08003504      0x464 ./Drivers/STM32F4xx_HAL_Driver/Src/stm32f4xx_hal_i2c.o
                0x08003504                HAL_I2C_Mem_Read
 .text.I2C_RequestMemoryWrite
                0x08003968      0x12c ./Drivers/STM32F4xx_HAL_Driver/Src/stm32f4xx_hal_i2c.o
 .text.I2C_RequestMemoryRead
                0x08003a94      0x1d0 ./Drivers/STM32F4xx_HAL_Driver/Src/stm32f4xx_hal_i2c.o
 .text.I2C_WaitOnFlagUntilTimeout
                0x08003c64       0xf4 ./Drivers/STM32F4xx_HAL_Driver/Src/stm32f4xx_hal_i2c.o
 .text.I2C_WaitOnMasterAddressFlagUntilTimeout
                0x08003d58      0x140 ./Drivers/STM32F4xx_HAL_Driver/Src/stm32f4xx_hal_i2c.o
 .text.I2C_WaitOnTXEFlagUntilTimeout
                0x08003e98       0x90 ./Drivers/STM32F4xx_HAL_Driver/Src/stm32f4xx_hal_i2c.o
 .text.I2C_WaitOnBTFFlagUntilTimeout
                0x08003f28       0x90 ./Drivers/STM32F4xx_HAL_Driver/Src/stm32f4xx_hal_i2c.o
 .text.I2C_WaitOnRXNEFlagUntilTimeout
                0x08003fb8       0xba ./Drivers/STM32F4xx_HAL_Driver/Src/stm32f4xx_hal_i2c.o
 .text.I2C_IsAcknowledgeFailed
                0x08004072       0x5e ./Drivers/STM32F4xx_HAL_Driver/Src/stm32f4xx_hal_i2c.o
 .text.HAL_RCC_OscConfig
                0x080040d0      0x4f0 ./Drivers/STM32F4xx_HAL_Driver/Src/stm32f4xx_hal_rcc.o
                0x080040d0                HAL_RCC_OscConfig
 .text.HAL_RCC_ClockConfig
                0x080045c0      0x1cc ./Drivers/STM32F4xx_HAL_Driver/Src/stm32f4xx_hal_rcc.o
                0x080045c0                HAL_RCC_ClockConfig
 .text.HAL_RCC_GetSysClockFreq
                0x0800478c      0x18c ./Drivers/STM32F4xx_HAL_Driver/Src/stm32f4xx_hal_rcc.o
                0x0800478c                HAL_RCC_GetSysClockFreq
 .text.HAL_RCC_GetHCLKFreq
                0x08004918       0x18 ./Drivers/STM32F4xx_HAL_Driver/Src/stm32f4xx_hal_rcc.o
                0x08004918                HAL_RCC_GetHCLKFreq
 .text.HAL_RCC_GetPCLK1Freq
                0x08004930       0x28 ./Drivers/STM32F4xx_HAL_Driver/Src/stm32f4xx_hal_rcc.o
                0x08004930                HAL_RCC_GetPCLK1Freq
 .text.HAL_RCC_GetPCLK2Freq
                0x08004958       0x28 ./Drivers/STM32F4xx_HAL_Driver/Src/stm32f4xx_hal_rcc.o
                0x08004958                HAL_RCC_GetPCLK2Freq
 .text.HAL_RCC_GetClockConfig
                0x08004980       0x64 ./Drivers/STM32F4xx_HAL_Driver/Src/stm32f4xx_hal_rcc.o
                0x08004980                HAL_RCC_GetClockConfig
 .text.HAL_TIM_Base_Init
                0x080049e4       0x9e ./Drivers/STM32F4xx_HAL_Driver/Src/stm32f4xx_hal_tim.o
                0x080049e4                HAL_TIM_Base_Init
 *fill*         0x08004a82        0x2 
 .text.HAL_TIM_Base_Start
                0x08004a84       0xb4 ./Drivers/STM32F4xx_HAL_Driver/Src/stm32f4xx_hal_tim.o
                0x08004a84                HAL_TIM_Base_Start
 .text.HAL_TIM_Base_Start_IT
                0x08004b38       0xc4 ./Drivers/STM32F4xx_HAL_Driver/Src/stm32f4xx_hal_tim.o
                0x08004b38                HAL_TIM_Base_Start_IT
 .text.HAL_TIM_PWM_Init
                0x08004bfc       0x9e ./Drivers/STM32F4xx_HAL_Driver/Src/stm32f4xx_hal_tim.o
                0x08004bfc                HAL_TIM_PWM_Init
 .text.HAL_TIM_PWM_MspInit
                0x08004c9a       0x14 ./Drivers/STM32F4xx_HAL_Driver/Src/stm32f4xx_hal_tim.o
                0x08004c9a                HAL_TIM_PWM_MspInit
 .text.HAL_TIM_Encoder_Init
                0x08004cae      0x14c ./Drivers/STM32F4xx_HAL_Driver/Src/stm32f4xx_hal_tim.o
                0x08004cae                HAL_TIM_Encoder_Init
 .text.HAL_TIM_Encoder_Start
                0x08004dfa      0x11c ./Drivers/STM32F4xx_HAL_Driver/Src/stm32f4xx_hal_tim.o
                0x08004dfa                HAL_TIM_Encoder_Start
 .text.HAL_TIM_IRQHandler
                0x08004f16      0x1e0 ./Drivers/STM32F4xx_HAL_Driver/Src/stm32f4xx_hal_tim.o
                0x08004f16                HAL_TIM_IRQHandler
 *fill*         0x080050f6        0x2 
 .text.HAL_TIM_PWM_ConfigChannel
                0x080050f8      0x184 ./Drivers/STM32F4xx_HAL_Driver/Src/stm32f4xx_hal_tim.o
                0x080050f8                HAL_TIM_PWM_ConfigChannel
 .text.HAL_TIM_ConfigClockSource
                0x0800527c      0x18e ./Drivers/STM32F4xx_HAL_Driver/Src/stm32f4xx_hal_tim.o
                0x0800527c                HAL_TIM_ConfigClockSource
 .text.HAL_TIM_OC_DelayElapsedCallback
                0x0800540a       0x14 ./Drivers/STM32F4xx_HAL_Driver/Src/stm32f4xx_hal_tim.o
                0x0800540a                HAL_TIM_OC_DelayElapsedCallback
 .text.HAL_TIM_IC_CaptureCallback
                0x0800541e       0x14 ./Drivers/STM32F4xx_HAL_Driver/Src/stm32f4xx_hal_tim.o
                0x0800541e                HAL_TIM_IC_CaptureCallback
 .text.HAL_TIM_PWM_PulseFinishedCallback
                0x08005432       0x14 ./Drivers/STM32F4xx_HAL_Driver/Src/stm32f4xx_hal_tim.o
                0x08005432                HAL_TIM_PWM_PulseFinishedCallback
 .text.HAL_TIM_TriggerCallback
                0x08005446       0x14 ./Drivers/STM32F4xx_HAL_Driver/Src/stm32f4xx_hal_tim.o
                0x08005446                HAL_TIM_TriggerCallback
 *fill*         0x0800545a        0x2 
 .text.TIM_Base_SetConfig
                0x0800545c      0x10c ./Drivers/STM32F4xx_HAL_Driver/Src/stm32f4xx_hal_tim.o
                0x0800545c                TIM_Base_SetConfig
 .text.TIM_OC1_SetConfig
                0x08005568       0xcc ./Drivers/STM32F4xx_HAL_Driver/Src/stm32f4xx_hal_tim.o
 .text.TIM_OC2_SetConfig
                0x08005634       0xd8 ./Drivers/STM32F4xx_HAL_Driver/Src/stm32f4xx_hal_tim.o
                0x08005634                TIM_OC2_SetConfig
 .text.TIM_OC3_SetConfig
                0x0800570c       0xd4 ./Drivers/STM32F4xx_HAL_Driver/Src/stm32f4xx_hal_tim.o
 .text.TIM_OC4_SetConfig
                0x080057e0       0xa0 ./Drivers/STM32F4xx_HAL_Driver/Src/stm32f4xx_hal_tim.o
 .text.TIM_TI1_ConfigInputStage
                0x08005880       0x5e ./Drivers/STM32F4xx_HAL_Driver/Src/stm32f4xx_hal_tim.o
 .text.TIM_TI2_ConfigInputStage
                0x080058de       0x60 ./Drivers/STM32F4xx_HAL_Driver/Src/stm32f4xx_hal_tim.o
 .text.TIM_ITRx_SetConfig
                0x0800593e       0x36 ./Drivers/STM32F4xx_HAL_Driver/Src/stm32f4xx_hal_tim.o
 .text.TIM_ETR_SetConfig
                0x08005974       0x40 ./Drivers/STM32F4xx_HAL_Driver/Src/stm32f4xx_hal_tim.o
                0x08005974                TIM_ETR_SetConfig
 .text.TIM_CCxChannelCmd
                0x080059b4       0x4a ./Drivers/STM32F4xx_HAL_Driver/Src/stm32f4xx_hal_tim.o
                0x080059b4                TIM_CCxChannelCmd
 *fill*         0x080059fe        0x2 
 .text.HAL_TIMEx_MasterConfigSynchronization
                0x08005a00       0xdc ./Drivers/STM32F4xx_HAL_Driver/Src/stm32f4xx_hal_tim_ex.o
                0x08005a00                HAL_TIMEx_MasterConfigSynchronization
 .text.HAL_TIMEx_ConfigBreakDeadTime
                0x08005adc       0xa4 ./Drivers/STM32F4xx_HAL_Driver/Src/stm32f4xx_hal_tim_ex.o
                0x08005adc                HAL_TIMEx_ConfigBreakDeadTime
 .text.HAL_TIMEx_CommutCallback
                0x08005b80       0x14 ./Drivers/STM32F4xx_HAL_Driver/Src/stm32f4xx_hal_tim_ex.o
                0x08005b80                HAL_TIMEx_CommutCallback
 .text.HAL_TIMEx_BreakCallback
                0x08005b94       0x14 ./Drivers/STM32F4xx_HAL_Driver/Src/stm32f4xx_hal_tim_ex.o
                0x08005b94                HAL_TIMEx_BreakCallback
 .text.HAL_UART_Init
                0x08005ba8       0xa0 ./Drivers/STM32F4xx_HAL_Driver/Src/stm32f4xx_hal_uart.o
                0x08005ba8                HAL_UART_Init
 .text.HAL_UART_Transmit_DMA
                0x08005c48       0xf8 ./Drivers/STM32F4xx_HAL_Driver/Src/stm32f4xx_hal_uart.o
                0x08005c48                HAL_UART_Transmit_DMA
 .text.HAL_UART_Receive_DMA
                0x08005d40       0x4a ./Drivers/STM32F4xx_HAL_Driver/Src/stm32f4xx_hal_uart.o
                0x08005d40                HAL_UART_Receive_DMA
 *fill*         0x08005d8a        0x2 
 .text.HAL_UART_IRQHandler
                0x08005d8c      0x554 ./Drivers/STM32F4xx_HAL_Driver/Src/stm32f4xx_hal_uart.o
                0x08005d8c                HAL_UART_IRQHandler
 .text.HAL_UART_TxHalfCpltCallback
                0x080062e0       0x14 ./Drivers/STM32F4xx_HAL_Driver/Src/stm32f4xx_hal_uart.o
                0x080062e0                HAL_UART_TxHalfCpltCallback
 .text.HAL_UART_RxCpltCallback
                0x080062f4       0x14 ./Drivers/STM32F4xx_HAL_Driver/Src/stm32f4xx_hal_uart.o
                0x080062f4                HAL_UART_RxCpltCallback
 .text.HAL_UART_RxHalfCpltCallback
                0x08006308       0x14 ./Drivers/STM32F4xx_HAL_Driver/Src/stm32f4xx_hal_uart.o
                0x08006308                HAL_UART_RxHalfCpltCallback
 .text.HAL_UART_ErrorCallback
                0x0800631c       0x14 ./Drivers/STM32F4xx_HAL_Driver/Src/stm32f4xx_hal_uart.o
                0x0800631c                HAL_UART_ErrorCallback
 .text.HAL_UARTEx_RxEventCallback
                0x08006330       0x18 ./Drivers/STM32F4xx_HAL_Driver/Src/stm32f4xx_hal_uart.o
                0x08006330                HAL_UARTEx_RxEventCallback
 .text.UART_DMATransmitCplt
                0x08006348       0x9a ./Drivers/STM32F4xx_HAL_Driver/Src/stm32f4xx_hal_uart.o
 .text.UART_DMATxHalfCplt
                0x080063e2       0x1c ./Drivers/STM32F4xx_HAL_Driver/Src/stm32f4xx_hal_uart.o
 .text.UART_DMAReceiveCplt
                0x080063fe      0x12c ./Drivers/STM32F4xx_HAL_Driver/Src/stm32f4xx_hal_uart.o
 .text.UART_DMARxHalfCplt
                0x0800652a       0x3c ./Drivers/STM32F4xx_HAL_Driver/Src/stm32f4xx_hal_uart.o
 .text.UART_DMAError
                0x08006566       0x94 ./Drivers/STM32F4xx_HAL_Driver/Src/stm32f4xx_hal_uart.o
 *fill*         0x080065fa        0x2 
 .text.UART_Start_Receive_DMA
                0x080065fc      0x14c ./Drivers/STM32F4xx_HAL_Driver/Src/stm32f4xx_hal_uart.o
                0x080065fc                UART_Start_Receive_DMA
 .text.UART_EndTxTransfer
                0x08006748       0x50 ./Drivers/STM32F4xx_HAL_Driver/Src/stm32f4xx_hal_uart.o
 .text.UART_EndRxTransfer
                0x08006798       0xc6 ./Drivers/STM32F4xx_HAL_Driver/Src/stm32f4xx_hal_uart.o
 .text.UART_DMAAbortOnError
                0x0800685e       0x22 ./Drivers/STM32F4xx_HAL_Driver/Src/stm32f4xx_hal_uart.o
 .text.UART_Transmit_IT
                0x08006880       0xa0 ./Drivers/STM32F4xx_HAL_Driver/Src/stm32f4xx_hal_uart.o
 .text.UART_EndTransmit_IT
                0x08006920       0x30 ./Drivers/STM32F4xx_HAL_Driver/Src/stm32f4xx_hal_uart.o
 .text.UART_Receive_IT
                0x08006950      0x17c ./Drivers/STM32F4xx_HAL_Driver/Src/stm32f4xx_hal_uart.o
 .text.UART_SetConfig
                0x08006acc      0x4e8 ./Drivers/STM32F4xx_HAL_Driver/Src/stm32f4xx_hal_uart.o
 .text.memset   0x08006fb4       0x10 C:/ST/STM32CubeIDE_1.19.0/STM32CubeIDE/plugins/com.st.stm32cube.ide.mcu.externaltools.gnu-tools-for-stm32.13.3.rel1.win32_1.0.0.202411081344/tools/bin/../lib/gcc/arm-none-eabi/13.3.1/../../../../arm-none-eabi/lib/thumb/v7e-m+fp/hard\libc_nano.a(libc_a-memset.o)
                0x08006fb4                memset
 .text.__libc_init_array
                0x08006fc4       0x48 C:/ST/STM32CubeIDE_1.19.0/STM32CubeIDE/plugins/com.st.stm32cube.ide.mcu.externaltools.gnu-tools-for-stm32.13.3.rel1.win32_1.0.0.202411081344/tools/bin/../lib/gcc/arm-none-eabi/13.3.1/../../../../arm-none-eabi/lib/thumb/v7e-m+fp/hard\libc_nano.a(libc_a-init.o)
                0x08006fc4                __libc_init_array
 *(.glue_7)
 .glue_7        0x0800700c        0x0 linker stubs
 *(.glue_7t)
 .glue_7t       0x0800700c        0x0 linker stubs
 *(.eh_frame)
 .eh_frame      0x0800700c        0x0 C:/ST/STM32CubeIDE_1.19.0/STM32CubeIDE/plugins/com.st.stm32cube.ide.mcu.externaltools.gnu-tools-for-stm32.13.3.rel1.win32_1.0.0.202411081344/tools/bin/../lib/gcc/arm-none-eabi/13.3.1/thumb/v7e-m+fp/hard/crtbegin.o
 *(.init)
 .init          0x0800700c        0x4 C:/ST/STM32CubeIDE_1.19.0/STM32CubeIDE/plugins/com.st.stm32cube.ide.mcu.externaltools.gnu-tools-for-stm32.13.3.rel1.win32_1.0.0.202411081344/tools/bin/../lib/gcc/arm-none-eabi/13.3.1/thumb/v7e-m+fp/hard/crti.o
                0x0800700c                _init
 .init          0x08007010        0x8 C:/ST/STM32CubeIDE_1.19.0/STM32CubeIDE/plugins/com.st.stm32cube.ide.mcu.externaltools.gnu-tools-for-stm32.13.3.rel1.win32_1.0.0.202411081344/tools/bin/../lib/gcc/arm-none-eabi/13.3.1/thumb/v7e-m+fp/hard/crtn.o
 *(.fini)
 .fini          0x08007018        0x4 C:/ST/STM32CubeIDE_1.19.0/STM32CubeIDE/plugins/com.st.stm32cube.ide.mcu.externaltools.gnu-tools-for-stm32.13.3.rel1.win32_1.0.0.202411081344/tools/bin/../lib/gcc/arm-none-eabi/13.3.1/thumb/v7e-m+fp/hard/crti.o
                0x08007018                _fini
 .fini          0x0800701c        0x8 C:/ST/STM32CubeIDE_1.19.0/STM32CubeIDE/plugins/com.st.stm32cube.ide.mcu.externaltools.gnu-tools-for-stm32.13.3.rel1.win32_1.0.0.202411081344/tools/bin/../lib/gcc/arm-none-eabi/13.3.1/thumb/v7e-m+fp/hard/crtn.o
                0x08007024                        . = ALIGN (0x4)
                0x08007024                        _etext = .

.vfp11_veneer   0x08007024        0x0
 .vfp11_veneer  0x08007024        0x0 linker stubs

.v4_bx          0x08007024        0x0
 .v4_bx         0x08007024        0x0 linker stubs

.iplt           0x08007024        0x0
 .iplt          0x08007024        0x0 C:/ST/STM32CubeIDE_1.19.0/STM32CubeIDE/plugins/com.st.stm32cube.ide.mcu.externaltools.gnu-tools-for-stm32.13.3.rel1.win32_1.0.0.202411081344/tools/bin/../lib/gcc/arm-none-eabi/13.3.1/thumb/v7e-m+fp/hard/crtbegin.o

.rodata         0x08007024       0x20
                0x08007024                        . = ALIGN (0x4)
 *(.rodata)
 *(.rodata*)
 .rodata.AHBPrescTable
                0x08007024       0x10 ./Core/Src/system_stm32f4xx.o
                0x08007024                AHBPrescTable
 .rodata.APBPrescTable
                0x08007034        0x8 ./Core/Src/system_stm32f4xx.o
                0x08007034                APBPrescTable
 .rodata.flagBitshiftOffset.0
                0x0800703c        0x8 ./Drivers/STM32F4xx_HAL_Driver/Src/stm32f4xx_hal_dma.o
                0x08007044                        . = ALIGN (0x4)

.ARM.extab      0x08007044        0x0
                0x08007044                        . = ALIGN (0x4)
 *(.ARM.extab* .gnu.linkonce.armextab.*)
                0x08007044                        . = ALIGN (0x4)

.ARM            0x08007044        0x8
                0x08007044                        . = ALIGN (0x4)
                0x08007044                        __exidx_start = .
 *(.ARM.exidx*)
 .ARM.exidx     0x08007044        0x8 C:/ST/STM32CubeIDE_1.19.0/STM32CubeIDE/plugins/com.st.stm32cube.ide.mcu.externaltools.gnu-tools-for-stm32.13.3.rel1.win32_1.0.0.202411081344/tools/bin/../lib/gcc/arm-none-eabi/13.3.1/thumb/v7e-m+fp/hard\libgcc.a(_udivmoddi4.o)
                0x0800704c                        __exidx_end = .
                0x0800704c                        . = ALIGN (0x4)

.preinit_array  0x0800704c        0x0
                0x0800704c                        . = ALIGN (0x4)
                0x0800704c                        PROVIDE (__preinit_array_start = .)
 *(.preinit_array*)
                0x0800704c                        PROVIDE (__preinit_array_end = .)
                0x0800704c                        . = ALIGN (0x4)

.init_array     0x0800704c        0x4
                0x0800704c                        . = ALIGN (0x4)
                0x0800704c                        PROVIDE (__init_array_start = .)
 *(SORT_BY_NAME(.init_array.*))
 *(.init_array*)
 .init_array    0x0800704c        0x4 C:/ST/STM32CubeIDE_1.19.0/STM32CubeIDE/plugins/com.st.stm32cube.ide.mcu.externaltools.gnu-tools-for-stm32.13.3.rel1.win32_1.0.0.202411081344/tools/bin/../lib/gcc/arm-none-eabi/13.3.1/thumb/v7e-m+fp/hard/crtbegin.o
                0x08007050                        PROVIDE (__init_array_end = .)
                0x08007050                        . = ALIGN (0x4)

.fini_array     0x08007050        0x4
                0x08007050                        . = ALIGN (0x4)
                [!provide]                        PROVIDE (__fini_array_start = .)
 *(SORT_BY_NAME(.fini_array.*))
 *(.fini_array*)
 .fini_array    0x08007050        0x4 C:/ST/STM32CubeIDE_1.19.0/STM32CubeIDE/plugins/com.st.stm32cube.ide.mcu.externaltools.gnu-tools-for-stm32.13.3.rel1.win32_1.0.0.202411081344/tools/bin/../lib/gcc/arm-none-eabi/13.3.1/thumb/v7e-m+fp/hard/crtbegin.o
                [!provide]                        PROVIDE (__fini_array_end = .)
                0x08007054                        . = ALIGN (0x4)
                0x08007054                        _sidata = LOADADDR (.data)

.rel.dyn        0x08007054        0x0
 .rel.iplt      0x08007054        0x0 C:/ST/STM32CubeIDE_1.19.0/STM32CubeIDE/plugins/com.st.stm32cube.ide.mcu.externaltools.gnu-tools-for-stm32.13.3.rel1.win32_1.0.0.202411081344/tools/bin/../lib/gcc/arm-none-eabi/13.3.1/thumb/v7e-m+fp/hard/crtbegin.o

.data           0x20000000       0x10 load address 0x08007054
                0x20000000                        . = ALIGN (0x4)
                0x20000000                        _sdata = .
 *(.data)
 *(.data*)
 .data.uart_ready
                0x20000000        0x1 ./Core/Src/main.o
                0x20000000                uart_ready
 *fill*         0x20000001        0x3 
 .data.SystemCoreClock
                0x20000004        0x4 ./Core/Src/system_stm32f4xx.o
                0x20000004                SystemCoreClock
 .data.uwTickPrio
                0x20000008        0x4 ./Drivers/STM32F4xx_HAL_Driver/Src/stm32f4xx_hal.o
                0x20000008                uwTickPrio
 .data.uwTickFreq
                0x2000000c        0x1 ./Drivers/STM32F4xx_HAL_Driver/Src/stm32f4xx_hal.o
                0x2000000c                uwTickFreq
 *(.RamFunc)
 *(.RamFunc*)
                0x20000010                        . = ALIGN (0x4)
 *fill*         0x2000000d        0x3 
                0x20000010                        _edata = .

.igot.plt       0x20000010        0x0 load address 0x08007064
 .igot.plt      0x20000010        0x0 C:/ST/STM32CubeIDE_1.19.0/STM32CubeIDE/plugins/com.st.stm32cube.ide.mcu.externaltools.gnu-tools-for-stm32.13.3.rel1.win32_1.0.0.202411081344/tools/bin/../lib/gcc/arm-none-eabi/13.3.1/thumb/v7e-m+fp/hard/crtbegin.o
                0x20000010                        . = ALIGN (0x4)

.bss            0x20000010      0x5fc load address 0x08007064
                0x20000010                        _sbss = .
                0x20000010                        __bss_start__ = _sbss
 *(.bss)
 .bss           0x20000010       0x1c C:/ST/STM32CubeIDE_1.19.0/STM32CubeIDE/plugins/com.st.stm32cube.ide.mcu.externaltools.gnu-tools-for-stm32.13.3.rel1.win32_1.0.0.202411081344/tools/bin/../lib/gcc/arm-none-eabi/13.3.1/thumb/v7e-m+fp/hard/crtbegin.o
 *(.bss*)
 .bss.hadc1     0x2000002c       0x48 ./Core/Src/main.o
                0x2000002c                hadc1
 .bss.hdma_adc1
                0x20000074       0x60 ./Core/Src/main.o
                0x20000074                hdma_adc1
 .bss.hi2c1     0x200000d4       0x54 ./Core/Src/main.o
                0x200000d4                hi2c1
 .bss.hdma_i2c1_rx
                0x20000128       0x60 ./Core/Src/main.o
                0x20000128                hdma_i2c1_rx
 .bss.htim1     0x20000188       0x48 ./Core/Src/main.o
                0x20000188                htim1
 .bss.htim2     0x200001d0       0x48 ./Core/Src/main.o
                0x200001d0                htim2
 .bss.htim3     0x20000218       0x48 ./Core/Src/main.o
                0x20000218                htim3
 .bss.htim5     0x20000260       0x48 ./Core/Src/main.o
                0x20000260                htim5
 .bss.huart2    0x200002a8       0x48 ./Core/Src/main.o
                0x200002a8                huart2
 .bss.huart6    0x200002f0       0x48 ./Core/Src/main.o
                0x200002f0                huart6
 .bss.hdma_usart2_rx
                0x20000338       0x60 ./Core/Src/main.o
                0x20000338                hdma_usart2_rx
 .bss.hdma_usart2_tx
                0x20000398       0x60 ./Core/Src/main.o
                0x20000398                hdma_usart2_tx
 .bss.hdma_usart6_rx
                0x200003f8       0x60 ./Core/Src/main.o
                0x200003f8                hdma_usart6_rx
 .bss.adc_buffer
                0x20000458        0x4 ./Core/Src/main.o
                0x20000458                adc_buffer
 .bss.gps_rx_buffer
                0x2000045c      0x100 ./Core/Src/main.o
                0x2000045c                gps_rx_buffer
 .bss.tx_buffer
                0x2000055c       0x31 ./Core/Src/main.o
                0x2000055c                tx_buffer
 *fill*         0x2000058d        0x1 
 .bss.imu_accel_x
                0x2000058e        0x2 ./Core/Src/main.o
                0x2000058e                imu_accel_x
 .bss.imu_accel_y
                0x20000590        0x2 ./Core/Src/main.o
                0x20000590                imu_accel_y
 .bss.imu_accel_z
                0x20000592        0x2 ./Core/Src/main.o
                0x20000592                imu_accel_z
 .bss.imu_gyro_x
                0x20000594        0x2 ./Core/Src/main.o
                0x20000594                imu_gyro_x
 .bss.imu_gyro_y
                0x20000596        0x2 ./Core/Src/main.o
                0x20000596                imu_gyro_y
 .bss.imu_gyro_z
                0x20000598        0x2 ./Core/Src/main.o
                0x20000598                imu_gyro_z
 .bss.mag_x     0x2000059a        0x2 ./Core/Src/main.o
                0x2000059a                mag_x
 .bss.mag_y     0x2000059c        0x2 ./Core/Src/main.o
                0x2000059c                mag_y
 .bss.mag_z     0x2000059e        0x2 ./Core/Src/main.o
                0x2000059e                mag_z
 .bss.gps_lat   0x200005a0        0x4 ./Core/Src/main.o
                0x200005a0                gps_lat
 .bss.gps_lon   0x200005a4        0x4 ./Core/Src/main.o
                0x200005a4                gps_lon
 .bss.gps_fix   0x200005a8        0x1 ./Core/Src/main.o
                0x200005a8                gps_fix
 *fill*         0x200005a9        0x3 
 .bss.last_imu_ts
                0x200005ac        0x4 ./Core/Src/main.o
                0x200005ac                last_imu_ts
 .bss.snapshot_enc_l
                0x200005b0        0x4 ./Core/Src/main.o
                0x200005b0                snapshot_enc_l
 .bss.snapshot_enc_r
                0x200005b4        0x4 ./Core/Src/main.o
                0x200005b4                snapshot_enc_r
 .bss.last_fast_loop
                0x200005b8        0x4 ./Core/Src/main.o
                0x200005b8                last_fast_loop
 .bss.last_slow_loop
                0x200005bc        0x4 ./Core/Src/main.o
                0x200005bc                last_slow_loop
 .bss.htim10    0x200005c0       0x48 ./Core/Src/stm32f4xx_hal_timebase_tim.o
                0x200005c0                htim10
 .bss.uwTick    0x20000608        0x4 ./Drivers/STM32F4xx_HAL_Driver/Src/stm32f4xx_hal.o
                0x20000608                uwTick
 *(COMMON)
                0x2000060c                        . = ALIGN (0x4)
                0x2000060c                        _ebss = .
                0x2000060c                        __bss_end__ = _ebss

._user_heap_stack
                0x2000060c      0x604 load address 0x08007064
                0x20000610                        . = ALIGN (0x8)
 *fill*         0x2000060c        0x4 
                [!provide]                        PROVIDE (end = .)
                0x20000610                        PROVIDE (_end = .)
                0x20000810                        . = (. + _Min_Heap_Size)
 *fill*         0x20000610      0x200 
                0x20000c10                        . = (. + _Min_Stack_Size)
 *fill*         0x20000810      0x400 
                0x20000c10                        . = ALIGN (0x8)

/DISCARD/
 libc.a(*)
 libm.a(*)
 libgcc.a(*)

.ARM.attributes
                0x00000000       0x30
 *(.ARM.attributes)
 .ARM.attributes
                0x00000000       0x22 C:/ST/STM32CubeIDE_1.19.0/STM32CubeIDE/plugins/com.st.stm32cube.ide.mcu.externaltools.gnu-tools-for-stm32.13.3.rel1.win32_1.0.0.202411081344/tools/bin/../lib/gcc/arm-none-eabi/13.3.1/thumb/v7e-m+fp/hard/crti.o
 .ARM.attributes
                0x00000022       0x34 C:/ST/STM32CubeIDE_1.19.0/STM32CubeIDE/plugins/com.st.stm32cube.ide.mcu.externaltools.gnu-tools-for-stm32.13.3.rel1.win32_1.0.0.202411081344/tools/bin/../lib/gcc/arm-none-eabi/13.3.1/thumb/v7e-m+fp/hard/crtbegin.o
 .ARM.attributes
                0x00000056       0x34 ./Core/Src/main.o
 .ARM.attributes
                0x0000008a       0x34 ./Core/Src/stm32f4xx_hal_msp.o
 .ARM.attributes
                0x000000be       0x34 ./Core/Src/stm32f4xx_hal_timebase_tim.o
 .ARM.attributes
                0x000000f2       0x34 ./Core/Src/stm32f4xx_it.o
 .ARM.attributes
                0x00000126       0x34 ./Core/Src/system_stm32f4xx.o
 .ARM.attributes
                0x0000015a       0x21 ./Core/Startup/startup_stm32f401rctx.o
 .ARM.attributes
                0x0000017b       0x34 ./Drivers/STM32F4xx_HAL_Driver/Src/stm32f4xx_hal.o
 .ARM.attributes
                0x000001af       0x34 ./Drivers/STM32F4xx_HAL_Driver/Src/stm32f4xx_hal_adc.o
 .ARM.attributes
                0x000001e3       0x34 ./Drivers/STM32F4xx_HAL_Driver/Src/stm32f4xx_hal_cortex.o
 .ARM.attributes
                0x00000217       0x34 ./Drivers/STM32F4xx_HAL_Driver/Src/stm32f4xx_hal_dma.o
 .ARM.attributes
                0x0000024b       0x34 ./Drivers/STM32F4xx_HAL_Driver/Src/stm32f4xx_hal_gpio.o
 .ARM.attributes
                0x0000027f       0x34 ./Drivers/STM32F4xx_HAL_Driver/Src/stm32f4xx_hal_i2c.o
 .ARM.attributes
                0x000002b3       0x34 ./Drivers/STM32F4xx_HAL_Driver/Src/stm32f4xx_hal_rcc.o
 .ARM.attributes
                0x000002e7       0x34 ./Drivers/STM32F4xx_HAL_Driver/Src/stm32f4xx_hal_tim.o
 .ARM.attributes
                0x0000031b       0x34 ./Drivers/STM32F4xx_HAL_Driver/Src/stm32f4xx_hal_tim_ex.o
 .ARM.attributes
                0x0000034f       0x34 ./Drivers/STM32F4xx_HAL_Driver/Src/stm32f4xx_hal_uart.o
 .ARM.attributes
                0x00000383       0x34 C:/ST/STM32CubeIDE_1.19.0/STM32CubeIDE/plugins/com.st.stm32cube.ide.mcu.externaltools.gnu-tools-for-stm32.13.3.rel1.win32_1.0.0.202411081344/tools/bin/../lib/gcc/arm-none-eabi/13.3.1/../../../../arm-none-eabi/lib/thumb/v7e-m+fp/hard\libc_nano.a(libc_a-memset.o)
 .ARM.attributes
                0x000003b7       0x34 C:/ST/STM32CubeIDE_1.19.0/STM32CubeIDE/plugins/com.st.stm32cube.ide.mcu.externaltools.gnu-tools-for-stm32.13.3.rel1.win32_1.0.0.202411081344/tools/bin/../lib/gcc/arm-none-eabi/13.3.1/../../../../arm-none-eabi/lib/thumb/v7e-m+fp/hard\libc_nano.a(libc_a-init.o)
 .ARM.attributes
                0x000003eb       0x22 C:/ST/STM32CubeIDE_1.19.0/STM32CubeIDE/plugins/com.st.stm32cube.ide.mcu.externaltools.gnu-tools-for-stm32.13.3.rel1.win32_1.0.0.202411081344/tools/bin/../lib/gcc/arm-none-eabi/13.3.1/thumb/v7e-m+fp/hard\libgcc.a(_aeabi_uldivmod.o)
 .ARM.attributes
                0x0000040d       0x34 C:/ST/STM32CubeIDE_1.19.0/STM32CubeIDE/plugins/com.st.stm32cube.ide.mcu.externaltools.gnu-tools-for-stm32.13.3.rel1.win32_1.0.0.202411081344/tools/bin/../lib/gcc/arm-none-eabi/13.3.1/thumb/v7e-m+fp/hard\libgcc.a(_udivmoddi4.o)
 .ARM.attributes
                0x00000441       0x22 C:/ST/STM32CubeIDE_1.19.0/STM32CubeIDE/plugins/com.st.stm32cube.ide.mcu.externaltools.gnu-tools-for-stm32.13.3.rel1.win32_1.0.0.202411081344/tools/bin/../lib/gcc/arm-none-eabi/13.3.1/thumb/v7e-m+fp/hard\libgcc.a(_dvmd_tls.o)
 .ARM.attributes
                0x00000463       0x22 C:/ST/STM32CubeIDE_1.19.0/STM32CubeIDE/plugins/com.st.stm32cube.ide.mcu.externaltools.gnu-tools-for-stm32.13.3.rel1.win32_1.0.0.202411081344/tools/bin/../lib/gcc/arm-none-eabi/13.3.1/thumb/v7e-m+fp/hard/crtn.o
OUTPUT(bare_metal.elf elf32-littlearm)
LOAD linker stubs
LOAD C:/ST/STM32CubeIDE_1.19.0/STM32CubeIDE/plugins/com.st.stm32cube.ide.mcu.externaltools.gnu-tools-for-stm32.13.3.rel1.win32_1.0.0.202411081344/tools/bin/../lib/gcc/arm-none-eabi/13.3.1/../../../../arm-none-eabi/lib/thumb/v7e-m+fp/hard\libc.a
LOAD C:/ST/STM32CubeIDE_1.19.0/STM32CubeIDE/plugins/com.st.stm32cube.ide.mcu.externaltools.gnu-tools-for-stm32.13.3.rel1.win32_1.0.0.202411081344/tools/bin/../lib/gcc/arm-none-eabi/13.3.1/../../../../arm-none-eabi/lib/thumb/v7e-m+fp/hard\libm.a
LOAD C:/ST/STM32CubeIDE_1.19.0/STM32CubeIDE/plugins/com.st.stm32cube.ide.mcu.externaltools.gnu-tools-for-stm32.13.3.rel1.win32_1.0.0.202411081344/tools/bin/../lib/gcc/arm-none-eabi/13.3.1/thumb/v7e-m+fp/hard\libgcc.a

.debug_info     0x00000000    0x120f0
 .debug_info    0x00000000     0x2159 ./Core/Src/main.o
 .debug_info    0x00002159     0x1700 ./Core/Src/stm32f4xx_hal_msp.o
 .debug_info    0x00003859      0xb6f ./Core/Src/stm32f4xx_hal_timebase_tim.o
 .debug_info    0x000043c8      0xa5f ./Core/Src/stm32f4xx_it.o
 .debug_info    0x00004e27      0x53e ./Core/Src/system_stm32f4xx.o
 .debug_info    0x00005365       0x30 ./Core/Startup/startup_stm32f401rctx.o
 .debug_info    0x00005395      0x8bb ./Drivers/STM32F4xx_HAL_Driver/Src/stm32f4xx_hal.o
 .debug_info    0x00005c50      0xce0 ./Drivers/STM32F4xx_HAL_Driver/Src/stm32f4xx_hal_adc.o
 .debug_info    0x00006930      0xcf6 ./Drivers/STM32F4xx_HAL_Driver/Src/stm32f4xx_hal_cortex.o
 .debug_info    0x00007626      0x8e6 ./Drivers/STM32F4xx_HAL_Driver/Src/stm32f4xx_hal_dma.o
 .debug_info    0x00007f0c      0x6f9 ./Drivers/STM32F4xx_HAL_Driver/Src/stm32f4xx_hal_gpio.o
 .debug_info    0x00008605     0x2426 ./Drivers/STM32F4xx_HAL_Driver/Src/stm32f4xx_hal_i2c.o
 .debug_info    0x0000aa2b      0x905 ./Drivers/STM32F4xx_HAL_Driver/Src/stm32f4xx_hal_rcc.o
 .debug_info    0x0000b330     0x2996 ./Drivers/STM32F4xx_HAL_Driver/Src/stm32f4xx_hal_tim.o
 .debug_info    0x0000dcc6     0x14d4 ./Drivers/STM32F4xx_HAL_Driver/Src/stm32f4xx_hal_tim_ex.o
 .debug_info    0x0000f19a     0x2f56 ./Drivers/STM32F4xx_HAL_Driver/Src/stm32f4xx_hal_uart.o

.debug_abbrev   0x00000000     0x2361
 .debug_abbrev  0x00000000      0x2ee ./Core/Src/main.o
 .debug_abbrev  0x000002ee      0x260 ./Core/Src/stm32f4xx_hal_msp.o
 .debug_abbrev  0x0000054e      0x207 ./Core/Src/stm32f4xx_hal_timebase_tim.o
 .debug_abbrev  0x00000755      0x1b6 ./Core/Src/stm32f4xx_it.o
 .debug_abbrev  0x0000090b      0x11a ./Core/Src/system_stm32f4xx.o
 .debug_abbrev  0x00000a25       0x24 ./Core/Startup/startup_stm32f401rctx.o
 .debug_abbrev  0x00000a49      0x24b ./Drivers/STM32F4xx_HAL_Driver/Src/stm32f4xx_hal.o
 .debug_abbrev  0x00000c94      0x20e ./Drivers/STM32F4xx_HAL_Driver/Src/stm32f4xx_hal_adc.o
 .debug_abbrev  0x00000ea2      0x31d ./Drivers/STM32F4xx_HAL_Driver/Src/stm32f4xx_hal_cortex.o
 .debug_abbrev  0x000011bf      0x221 ./Drivers/STM32F4xx_HAL_Driver/Src/stm32f4xx_hal_dma.o
 .debug_abbrev  0x000013e0      0x1d3 ./Drivers/STM32F4xx_HAL_Driver/Src/stm32f4xx_hal_gpio.o
 .debug_abbrev  0x000015b3      0x2bc ./Drivers/STM32F4xx_HAL_Driver/Src/stm32f4xx_hal_i2c.o
 .debug_abbrev  0x0000186f      0x2b6 ./Drivers/STM32F4xx_HAL_Driver/Src/stm32f4xx_hal_rcc.o
 .debug_abbrev  0x00001b25      0x28b ./Drivers/STM32F4xx_HAL_Driver/Src/stm32f4xx_hal_tim.o
 .debug_abbrev  0x00001db0      0x296 ./Drivers/STM32F4xx_HAL_Driver/Src/stm32f4xx_hal_tim_ex.o
 .debug_abbrev  0x00002046      0x31b ./Drivers/STM32F4xx_HAL_Driver/Src/stm32f4xx_hal_uart.o

.debug_aranges  0x00000000     0x10b8
 .debug_aranges
                0x00000000       0xb8 ./Core/Src/main.o
 .debug_aranges
                0x000000b8       0x78 ./Core/Src/stm32f4xx_hal_msp.o
 .debug_aranges
                0x00000130       0x30 ./Core/Src/stm32f4xx_hal_timebase_tim.o
 .debug_aranges
                0x00000160       0xa8 ./Core/Src/stm32f4xx_it.o
 .debug_aranges
                0x00000208       0x28 ./Core/Src/system_stm32f4xx.o
 .debug_aranges
                0x00000230       0x28 ./Core/Startup/startup_stm32f401rctx.o
 .debug_aranges
                0x00000258       0xf0 ./Drivers/STM32F4xx_HAL_Driver/Src/stm32f4xx_hal.o
 .debug_aranges
                0x00000348       0xe8 ./Drivers/STM32F4xx_HAL_Driver/Src/stm32f4xx_hal_adc.o
 .debug_aranges
                0x00000430      0x130 ./Drivers/STM32F4xx_HAL_Driver/Src/stm32f4xx_hal_cortex.o
 .debug_aranges
                0x00000560       0x90 ./Drivers/STM32F4xx_HAL_Driver/Src/stm32f4xx_hal_dma.o
 .debug_aranges
                0x000005f0       0x58 ./Drivers/STM32F4xx_HAL_Driver/Src/stm32f4xx_hal_gpio.o
 .debug_aranges
                0x00000648      0x2a8 ./Drivers/STM32F4xx_HAL_Driver/Src/stm32f4xx_hal_i2c.o
 .debug_aranges
                0x000008f0       0x88 ./Drivers/STM32F4xx_HAL_Driver/Src/stm32f4xx_hal_rcc.o
 .debug_aranges
                0x00000978      0x3d0 ./Drivers/STM32F4xx_HAL_Driver/Src/stm32f4xx_hal_tim.o
 .debug_aranges
                0x00000d48      0x168 ./Drivers/STM32F4xx_HAL_Driver/Src/stm32f4xx_hal_tim_ex.o
 .debug_aranges
                0x00000eb0      0x208 ./Drivers/STM32F4xx_HAL_Driver/Src/stm32f4xx_hal_uart.o

.debug_rnglists
                0x00000000      0xd49
 .debug_rnglists
                0x00000000       0x92 ./Core/Src/main.o
 .debug_rnglists
                0x00000092       0x5b ./Core/Src/stm32f4xx_hal_msp.o
 .debug_rnglists
                0x000000ed       0x20 ./Core/Src/stm32f4xx_hal_timebase_tim.o
 .debug_rnglists
                0x0000010d       0x79 ./Core/Src/stm32f4xx_it.o
 .debug_rnglists
                0x00000186       0x1a ./Core/Src/system_stm32f4xx.o
 .debug_rnglists
                0x000001a0       0x19 ./Core/Startup/startup_stm32f401rctx.o
 .debug_rnglists
                0x000001b9       0xaf ./Drivers/STM32F4xx_HAL_Driver/Src/stm32f4xx_hal.o
 .debug_rnglists
                0x00000268       0xb5 ./Drivers/STM32F4xx_HAL_Driver/Src/stm32f4xx_hal_adc.o
 .debug_rnglists
                0x0000031d       0xe0 ./Drivers/STM32F4xx_HAL_Driver/Src/stm32f4xx_hal_cortex.o
 .debug_rnglists
                0x000003fd       0x70 ./Drivers/STM32F4xx_HAL_Driver/Src/stm32f4xx_hal_dma.o
 .debug_rnglists
                0x0000046d       0x3f ./Drivers/STM32F4xx_HAL_Driver/Src/stm32f4xx_hal_gpio.o
 .debug_rnglists
                0x000004ac      0x23c ./Drivers/STM32F4xx_HAL_Driver/Src/stm32f4xx_hal_i2c.o
 .debug_rnglists
                0x000006e8       0x66 ./Drivers/STM32F4xx_HAL_Driver/Src/stm32f4xx_hal_rcc.o
 .debug_rnglists
                0x0000074e      0x31a ./Drivers/STM32F4xx_HAL_Driver/Src/stm32f4xx_hal_tim.o
 .debug_rnglists
                0x00000a68      0x125 ./Drivers/STM32F4xx_HAL_Driver/Src/stm32f4xx_hal_tim_ex.o
 .debug_rnglists
                0x00000b8d      0x1bc ./Drivers/STM32F4xx_HAL_Driver/Src/stm32f4xx_hal_uart.o

.debug_macro    0x00000000    0x17b71
 .debug_macro   0x00000000      0x318 ./Core/Src/main.o
 .debug_macro   0x00000318      0xad8 ./Core/Src/main.o
 .debug_macro   0x00000df0      0x2a7 ./Core/Src/main.o
 .debug_macro   0x00001097       0x2e ./Core/Src/main.o
 .debug_macro   0x000010c5       0x28 ./Core/Src/main.o
 .debug_macro   0x000010ed       0x22 ./Core/Src/main.o
 .debug_macro   0x0000110f       0x8e ./Core/Src/main.o
 .debug_macro   0x0000119d       0x51 ./Core/Src/main.o
 .debug_macro   0x000011ee      0x103 ./Core/Src/main.o
 .debug_macro   0x000012f1       0x6a ./Core/Src/main.o
 .debug_macro   0x0000135b      0x1df ./Core/Src/main.o
 .debug_macro   0x0000153a       0x1c ./Core/Src/main.o
 .debug_macro   0x00001556       0x22 ./Core/Src/main.o
 .debug_macro   0x00001578       0xfb ./Core/Src/main.o
 .debug_macro   0x00001673     0x1011 ./Core/Src/main.o
 .debug_macro   0x00002684      0x11f ./Core/Src/main.o
 .debug_macro   0x000027a3     0xb881 ./Core/Src/main.o
 .debug_macro   0x0000e024       0x6d ./Core/Src/main.o
 .debug_macro   0x0000e091     0x3693 ./Core/Src/main.o
 .debug_macro   0x00011724      0x190 ./Core/Src/main.o
 .debug_macro   0x000118b4       0x5c ./Core/Src/main.o
 .debug_macro   0x00011910      0x416 ./Core/Src/main.o
 .debug_macro   0x00011d26      0x9e9 ./Core/Src/main.o
 .debug_macro   0x0001270f      0x115 ./Core/Src/main.o
 .debug_macro   0x00012824       0xf8 ./Core/Src/main.o
 .debug_macro   0x0001291c       0xa5 ./Core/Src/main.o
 .debug_macro   0x000129c1      0x15f ./Core/Src/main.o
 .debug_macro   0x00012b20      0x287 ./Core/Src/main.o
 .debug_macro   0x00012da7       0x5f ./Core/Src/main.o
 .debug_macro   0x00012e06      0x236 ./Core/Src/main.o
 .debug_macro   0x0001303c      0x9e1 ./Core/Src/main.o
 .debug_macro   0x00013a1d      0x38b ./Core/Src/main.o
 .debug_macro   0x00013da8      0x176 ./Core/Src/main.o
 .debug_macro   0x00013f1e       0xf9 ./Core/Src/main.o
 .debug_macro   0x00014017      0x132 ./Core/Src/main.o
 .debug_macro   0x00014149      0x23a ./Core/Src/main.o
 .debug_macro   0x00014383       0x2e ./Core/Src/main.o
 .debug_macro   0x000143b1      0x1b5 ./Core/Src/main.o
 .debug_macro   0x00014566       0x22 ./Core/Src/main.o
 .debug_macro   0x00014588       0xd6 ./Core/Src/main.o
 .debug_macro   0x0001465e      0x127 ./Core/Src/main.o
 .debug_macro   0x00014785       0x85 ./Core/Src/main.o
 .debug_macro   0x0001480a       0x89 ./Core/Src/main.o
 .debug_macro   0x00014893      0x8ed ./Core/Src/main.o
 .debug_macro   0x00015180       0x47 ./Core/Src/main.o
 .debug_macro   0x000151c7      0x2aa ./Core/Src/main.o
 .debug_macro   0x00015471      0x126 ./Core/Src/main.o
 .debug_macro   0x00015597       0x61 ./Core/Src/main.o
 .debug_macro   0x000155f8       0x2a ./Core/Src/main.o
 .debug_macro   0x00015622       0x43 ./Core/Src/main.o
 .debug_macro   0x00015665       0x34 ./Core/Src/main.o
 .debug_macro   0x00015699      0x370 ./Core/Src/main.o
 .debug_macro   0x00015a09       0x16 ./Core/Src/main.o
 .debug_macro   0x00015a1f       0x4a ./Core/Src/main.o
 .debug_macro   0x00015a69       0x34 ./Core/Src/main.o
 .debug_macro   0x00015a9d       0x10 ./Core/Src/main.o
 .debug_macro   0x00015aad       0x58 ./Core/Src/main.o
 .debug_macro   0x00015b05       0x8e ./Core/Src/main.o
 .debug_macro   0x00015b93       0x1c ./Core/Src/main.o
 .debug_macro   0x00015baf      0x185 ./Core/Src/main.o
 .debug_macro   0x00015d34       0x10 ./Core/Src/main.o
 .debug_macro   0x00015d44       0x3c ./Core/Src/main.o
 .debug_macro   0x00015d80       0x20 ./Core/Src/main.o
 .debug_macro   0x00015da0      0x219 ./Core/Src/stm32f4xx_hal_msp.o
 .debug_macro   0x00015fb9      0x20f ./Core/Src/stm32f4xx_hal_timebase_tim.o
 .debug_macro   0x000161c8      0x223 ./Core/Src/stm32f4xx_it.o
 .debug_macro   0x000163eb      0x20f ./Core/Src/system_stm32f4xx.o
 .debug_macro   0x000165fa      0x26f ./Drivers/STM32F4xx_HAL_Driver/Src/stm32f4xx_hal.o
 .debug_macro   0x00016869      0x210 ./Drivers/STM32F4xx_HAL_Driver/Src/stm32f4xx_hal_adc.o
 .debug_macro   0x00016a79      0x20f ./Drivers/STM32F4xx_HAL_Driver/Src/stm32f4xx_hal_cortex.o
 .debug_macro   0x00016c88      0x215 ./Drivers/STM32F4xx_HAL_Driver/Src/stm32f4xx_hal_dma.o
 .debug_macro   0x00016e9d      0x215 ./Drivers/STM32F4xx_HAL_Driver/Src/stm32f4xx_hal_gpio.o
 .debug_macro   0x000170b2      0x25d ./Drivers/STM32F4xx_HAL_Driver/Src/stm32f4xx_hal_i2c.o
 .debug_macro   0x0001730f      0x233 ./Drivers/STM32F4xx_HAL_Driver/Src/stm32f4xx_hal_rcc.o
 .debug_macro   0x00017542      0x210 ./Drivers/STM32F4xx_HAL_Driver/Src/stm32f4xx_hal_tim.o
 .debug_macro   0x00017752      0x20f ./Drivers/STM32F4xx_HAL_Driver/Src/stm32f4xx_hal_tim_ex.o
 .debug_macro   0x00017961      0x210 ./Drivers/STM32F4xx_HAL_Driver/Src/stm32f4xx_hal_uart.o

.debug_line     0x00000000    0x139c7
 .debug_line    0x00000000      0xf21 ./Core/Src/main.o
 .debug_line    0x00000f21      0xace ./Core/Src/stm32f4xx_hal_msp.o
 .debug_line    0x000019ef      0x82a ./Core/Src/stm32f4xx_hal_timebase_tim.o
 .debug_line    0x00002219      0x941 ./Core/Src/stm32f4xx_it.o
 .debug_line    0x00002b5a      0x834 ./Core/Src/system_stm32f4xx.o
 .debug_line    0x0000338e       0x7a ./Core/Startup/startup_stm32f401rctx.o
 .debug_line    0x00003408      0xab0 ./Drivers/STM32F4xx_HAL_Driver/Src/stm32f4xx_hal.o
 .debug_line    0x00003eb8     0x11fb ./Drivers/STM32F4xx_HAL_Driver/Src/stm32f4xx_hal_adc.o
 .debug_line    0x000050b3      0xd80 ./Drivers/STM32F4xx_HAL_Driver/Src/stm32f4xx_hal_cortex.o
 .debug_line    0x00005e33     0x101c ./Drivers/STM32F4xx_HAL_Driver/Src/stm32f4xx_hal_dma.o
 .debug_line    0x00006e4f      0xbcc ./Drivers/STM32F4xx_HAL_Driver/Src/stm32f4xx_hal_gpio.o
 .debug_line    0x00007a1b     0x3b5d ./Drivers/STM32F4xx_HAL_Driver/Src/stm32f4xx_hal_i2c.o
 .debug_line    0x0000b578      0xebd ./Drivers/STM32F4xx_HAL_Driver/Src/stm32f4xx_hal_rcc.o
 .debug_line    0x0000c435     0x35ef ./Drivers/STM32F4xx_HAL_Driver/Src/stm32f4xx_hal_tim.o
 .debug_line    0x0000fa24     0x19ab ./Drivers/STM32F4xx_HAL_Driver/Src/stm32f4xx_hal_tim_ex.o
 .debug_line    0x000113cf     0x25f8 ./Drivers/STM32F4xx_HAL_Driver/Src/stm32f4xx_hal_uart.o

.debug_str      0x00000000    0x9b50b
 .debug_str     0x00000000    0x9b50b ./Core/Src/main.o
                              0x981f9 (size before relaxing)
 .debug_str     0x0009b50b    0x947e4 ./Core/Src/stm32f4xx_hal_msp.o
 .debug_str     0x0009b50b    0x940d6 ./Core/Src/stm32f4xx_hal_timebase_tim.o
 .debug_str     0x0009b50b    0x93ec4 ./Core/Src/stm32f4xx_it.o
 .debug_str     0x0009b50b    0x93750 ./Core/Src/system_stm32f4xx.o
 .debug_str     0x0009b50b       0x7b ./Core/Startup/startup_stm32f401rctx.o
 .debug_str     0x0009b50b    0x94172 ./Drivers/STM32F4xx_HAL_Driver/Src/stm32f4xx_hal.o
 .debug_str     0x0009b50b    0x93d2b ./Drivers/STM32F4xx_HAL_Driver/Src/stm32f4xx_hal_adc.o
 .debug_str     0x0009b50b    0x93edc ./Drivers/STM32F4xx_HAL_Driver/Src/stm32f4xx_hal_cortex.o
 .debug_str     0x0009b50b    0x93b58 ./Drivers/STM32F4xx_HAL_Driver/Src/stm32f4xx_hal_dma.o
 .debug_str     0x0009b50b    0x938cb ./Drivers/STM32F4xx_HAL_Driver/Src/stm32f4xx_hal_gpio.o
 .debug_str     0x0009b50b    0x94761 ./Drivers/STM32F4xx_HAL_Driver/Src/stm32f4xx_hal_i2c.o
 .debug_str     0x0009b50b    0x93b84 ./Drivers/STM32F4xx_HAL_Driver/Src/stm32f4xx_hal_rcc.o
 .debug_str     0x0009b50b    0x94ac8 ./Drivers/STM32F4xx_HAL_Driver/Src/stm32f4xx_hal_tim.o
 .debug_str     0x0009b50b    0x942d4 ./Drivers/STM32F4xx_HAL_Driver/Src/stm32f4xx_hal_tim_ex.o
 .debug_str     0x0009b50b    0x94153 ./Drivers/STM32F4xx_HAL_Driver/Src/stm32f4xx_hal_uart.o

.comment        0x00000000       0x43
 .comment       0x00000000       0x43 ./Core/Src/main.o
                                 0x44 (size before relaxing)
 .comment       0x00000043       0x44 ./Core/Src/stm32f4xx_hal_msp.o
 .comment       0x00000043       0x44 ./Core/Src/stm32f4xx_hal_timebase_tim.o
 .comment       0x00000043       0x44 ./Core/Src/stm32f4xx_it.o
 .comment       0x00000043       0x44 ./Core/Src/system_stm32f4xx.o
 .comment       0x00000043       0x44 ./Drivers/STM32F4xx_HAL_Driver/Src/stm32f4xx_hal.o
 .comment       0x00000043       0x44 ./Drivers/STM32F4xx_HAL_Driver/Src/stm32f4xx_hal_adc.o
 .comment       0x00000043       0x44 ./Drivers/STM32F4xx_HAL_Driver/Src/stm32f4xx_hal_cortex.o
 .comment       0x00000043       0x44 ./Drivers/STM32F4xx_HAL_Driver/Src/stm32f4xx_hal_dma.o
 .comment       0x00000043       0x44 ./Drivers/STM32F4xx_HAL_Driver/Src/stm32f4xx_hal_gpio.o
 .comment       0x00000043       0x44 ./Drivers/STM32F4xx_HAL_Driver/Src/stm32f4xx_hal_i2c.o
 .comment       0x00000043       0x44 ./Drivers/STM32F4xx_HAL_Driver/Src/stm32f4xx_hal_rcc.o
 .comment       0x00000043       0x44 ./Drivers/STM32F4xx_HAL_Driver/Src/stm32f4xx_hal_tim.o
 .comment       0x00000043       0x44 ./Drivers/STM32F4xx_HAL_Driver/Src/stm32f4xx_hal_tim_ex.o
 .comment       0x00000043       0x44 ./Drivers/STM32F4xx_HAL_Driver/Src/stm32f4xx_hal_uart.o

.debug_frame    0x00000000     0x47dc
 .debug_frame   0x00000000      0x2c8 ./Core/Src/main.o
 .debug_frame   0x000002c8      0x1c8 ./Core/Src/stm32f4xx_hal_msp.o
 .debug_frame   0x00000490       0x74 ./Core/Src/stm32f4xx_hal_timebase_tim.o
 .debug_frame   0x00000504      0x204 ./Core/Src/stm32f4xx_it.o
 .debug_frame   0x00000708       0x58 ./Core/Src/system_stm32f4xx.o
 .debug_frame   0x00000760      0x374 ./Drivers/STM32F4xx_HAL_Driver/Src/stm32f4xx_hal.o
 .debug_frame   0x00000ad4      0x3fc ./Drivers/STM32F4xx_HAL_Driver/Src/stm32f4xx_hal_adc.o
 .debug_frame   0x00000ed0      0x508 ./Drivers/STM32F4xx_HAL_Driver/Src/stm32f4xx_hal_cortex.o
 .debug_frame   0x000013d8      0x250 ./Drivers/STM32F4xx_HAL_Driver/Src/stm32f4xx_hal_dma.o
 .debug_frame   0x00001628      0x14c ./Drivers/STM32F4xx_HAL_Driver/Src/stm32f4xx_hal_gpio.o
 .debug_frame   0x00001774      0xc84 ./Drivers/STM32F4xx_HAL_Driver/Src/stm32f4xx_hal_i2c.o
 .debug_frame   0x000023f8      0x1f4 ./Drivers/STM32F4xx_HAL_Driver/Src/stm32f4xx_hal_rcc.o
 .debug_frame   0x000025ec     0x11b8 ./Drivers/STM32F4xx_HAL_Driver/Src/stm32f4xx_hal_tim.o
 .debug_frame   0x000037a4      0x638 ./Drivers/STM32F4xx_HAL_Driver/Src/stm32f4xx_hal_tim_ex.o
 .debug_frame   0x00003ddc      0x954 ./Drivers/STM32F4xx_HAL_Driver/Src/stm32f4xx_hal_uart.o
 .debug_frame   0x00004730       0x20 C:/ST/STM32CubeIDE_1.19.0/STM32CubeIDE/plugins/com.st.stm32cube.ide.mcu.externaltools.gnu-tools-for-stm32.13.3.rel1.win32_1.0.0.202411081344/tools/bin/../lib/gcc/arm-none-eabi/13.3.1/../../../../arm-none-eabi/lib/thumb/v7e-m+fp/hard\libc_nano.a(libc_a-memset.o)
 .debug_frame   0x00004750       0x2c C:/ST/STM32CubeIDE_1.19.0/STM32CubeIDE/plugins/com.st.stm32cube.ide.mcu.externaltools.gnu-tools-for-stm32.13.3.rel1.win32_1.0.0.202411081344/tools/bin/../lib/gcc/arm-none-eabi/13.3.1/../../../../arm-none-eabi/lib/thumb/v7e-m+fp/hard\libc_nano.a(libc_a-init.o)
 .debug_frame   0x0000477c       0x2c C:/ST/STM32CubeIDE_1.19.0/STM32CubeIDE/plugins/com.st.stm32cube.ide.mcu.externaltools.gnu-tools-for-stm32.13.3.rel1.win32_1.0.0.202411081344/tools/bin/../lib/gcc/arm-none-eabi/13.3.1/thumb/v7e-m+fp/hard\libgcc.a(_aeabi_uldivmod.o)
 .debug_frame   0x000047a8       0x34 C:/ST/STM32CubeIDE_1.19.0/STM32CubeIDE/plugins/com.st.stm32cube.ide.mcu.externaltools.gnu-tools-for-stm32.13.3.rel1.win32_1.0.0.202411081344/tools/bin/../lib/gcc/arm-none-eabi/13.3.1/thumb/v7e-m+fp/hard\libgcc.a(_udivmoddi4.o)

.debug_line_str
                0x00000000       0x5f
 .debug_line_str
                0x00000000       0x5f ./Core/Startup/startup_stm32f401rctx.o
