../Core/Src/main.c:140:6:ICM20948_Init	32	static
../Core/Src/main.c:169:6:IMU_Read_Fast	40	static
../Core/Src/main.c:181:6:IMU_Read_Mag	40	static
../Core/Src/main.c:199:5:main	16	static
../Core/Src/main.c:287:6:SystemClock_Config	88	static
../Core/Src/main.c:315:13:MX_TIM1_Init	96	static
../Core/Src/main.c:366:13:MX_ADC1_Init	24	static
../Core/Src/main.c:392:13:MX_I2C1_Init	8	static
../Core/Src/main.c:401:13:MX_USART2_UART_Init	8	static
../Core/Src/main.c:411:13:MX_USART6_UART_Init	8	static
../Core/Src/main.c:421:13:MX_TIM3_Init	8	static
../Core/Src/main.c:429:13:MX_TIM2_Init	56	static
../Core/Src/main.c:467:13:MX_TIM5_Init	56	static
../Core/Src/main.c:507:13:MX_TIM4_Init	16	static
../Core/Src/main.c:531:13:MX_DMA_Init	16	static
../Core/Src/main.c:546:13:MX_GPIO_Init	40	static
../Core/Src/main.c:608:7:PID_Compute	48	static
../Core/Src/main.c:634:9:calculate_checksum	24	static
../Core/Src/main.c:644:6:HAL_GPIO_EXTI_Callback	16	static
../Core/Src/main.c:653:6:HAL_UART_TxCpltCallback	16	static
../Core/Src/main.c:656:6:HAL_UART_RxCpltCallback	24	static
../Core/Src/main.c:676:6:build_telemetry_packet	4	static
../Core/Src/main.c:698:6:parse_gps_simple	4	static
../Core/Src/main.c:702:6:Error_Handler	4	static,ignoring_inline_asm
../Core/Src/main.c:707:6:HAL_TIM_PeriodElapsedCallback	40	static
