../Core/Src/main.c:97:6:ICM20948_Init	32	static
../Core/Src/main.c:112:6:IMU_Read_Fast	40	static
../Core/Src/main.c:124:6:IMU_Read_Mag	40	static
../Core/Src/main.c:140:5:main	16	static
../Core/Src/main.c:199:6:SystemClock_Config	88	static
../Core/Src/main.c:227:13:MX_TIM1_Init	32	static
../Core/Src/main.c:244:13:MX_ADC1_Init	24	static
../Core/Src/main.c:270:13:MX_I2C1_Init	8	static
../Core/Src/main.c:279:13:MX_USART2_UART_Init	8	static
../Core/Src/main.c:289:13:MX_USART6_UART_Init	8	static
../Core/Src/main.c:299:13:MX_TIM3_Init	8	static
../Core/Src/main.c:307:13:MX_TIM2_Init	48	static
../Core/Src/main.c:315:13:MX_TIM5_Init	48	static
../Core/Src/main.c:325:13:MX_TIM4_Init	16	static
../Core/Src/main.c:349:13:MX_DMA_Init	16	static
../Core/Src/main.c:364:13:MX_GPIO_Init	40	static
../Core/Src/main.c:387:6:HAL_GPIO_EXTI_Callback	16	static
../Core/Src/main.c:396:6:HAL_UART_TxCpltCallback	16	static
../Core/Src/main.c:400:6:build_telemetry_packet	4	static
../Core/Src/main.c:422:6:parse_gps_simple	4	static
../Core/Src/main.c:426:6:Error_Handler	4	static,ignoring_inline_asm
../Core/Src/main.c:431:6:HAL_TIM_PeriodElapsedCallback	16	static
